// Jest Snapshot v1, https://goo.gl/fbAQLP

exports[`ReusableTable loads data 1`] = `
<div
  aria-label="Table - Users"
  class="container"
>
  Users
  <div
    aria-colcount="3"
    aria-label="grid"
    aria-multiselectable="false"
    aria-rowcount="2"
    class="MuiDataGrid-root MuiDataGrid-root MuiDataGrid-autoHeight"
    role="grid"
    tabindex="0"
  >
    <div />
    <div
      class="MuiDataGrid-main"
    >
      <div
        class="MuiDataGrid-columnsContainer"
        style="min-height: 56px; max-height: 56px; line-height: 56px;"
      >
        <div
          aria-rowindex="1"
          class="MuiDataGrid-colCellWrapper scroll"
          role="row"
          style="transform: translate3d(-0px, 0, 0); min-width: 248px;"
        >
          <div
            aria-colindex="1"
            class="MuiDataGrid-colCell MuiDataGrid-colCellCheckbox MuiDataGrid-colCellCenter"
            data-field="__check__"
            role="columnheader"
            style="width: 48px; min-width: 48px; max-width: 48px;"
            tabindex="-1"
          >
            <div
              class="MuiDataGrid-colCell-draggable"
              draggable="false"
            >
              <div
                class="MuiDataGrid-colCellTitleContainer"
              >
                <span
                  aria-disabled="false"
                  class="MuiButtonBase-root MuiIconButton-root PrivateSwitchBase-root-7 MuiCheckbox-root MuiCheckbox-colorPrimary MuiDataGrid-checkboxInput MuiIconButton-colorPrimary"
                >
                  <span
                    class="MuiIconButton-label"
                  >
                    <input
                      aria-label="Select All Rows checkbox"
                      class="PrivateSwitchBase-input-10"
                      data-indeterminate="false"
                      type="checkbox"
                      value=""
                    />
                    <svg
                      aria-hidden="true"
                      class="MuiSvgIcon-root"
                      focusable="false"
                      viewBox="0 0 24 24"
                    >
                      <path
                        d="M19 5v14H5V5h14m0-2H5c-1.1 0-2 .9-2 2v14c0 1.1.9 2 2 2h14c1.1 0 2-.9 2-2V5c0-1.1-.9-2-2-2z"
                      />
                    </svg>
                  </span>
                  <span
                    class="MuiTouchRipple-root"
                  />
                </span>
              </div>
            </div>
            <div
              class="MuiDataGrid-columnSeparator"
              style="min-height: 56px; opacity: 1;"
            >
              <svg
                aria-hidden="true"
                class="MuiSvgIcon-root MuiDataGrid-iconSeparator"
                focusable="false"
                viewBox="0 0 24 24"
              >
                <path
                  d="M11 19V5h2v14z"
                />
              </svg>
            </div>
          </div>
          <div
            aria-colindex="2"
            class="MuiDataGrid-colCell MuiDataGrid-colCellSortable"
            data-field="id"
            role="columnheader"
            style="width: 100px; min-width: 100px; max-width: 100px;"
            tabindex="-1"
          >
            <div
              class="MuiDataGrid-colCell-draggable"
              draggable="false"
            >
              <div
                class="MuiDataGrid-colCellTitleContainer"
              >
                <div
                  class="MuiDataGrid-colCellTitle"
                  title=""
                >
                  id
                </div>
              </div>
              <div
                class="MuiDataGrid-menuIcon"
              >
                <button
                  aria-controls="mui-42017"
                  aria-haspopup="true"
                  aria-label="Menu"
                  class="MuiButtonBase-root MuiIconButton-root MuiDataGrid-menuIconButton MuiIconButton-sizeSmall"
                  id="mui-75605"
                  tabindex="0"
                  title="Menu"
                  type="button"
                >
                  <span
                    class="MuiIconButton-label"
                  >
                    <svg
                      aria-hidden="true"
                      class="MuiSvgIcon-root MuiSvgIcon-fontSizeSmall"
                      focusable="false"
                      viewBox="0 0 24 24"
                    >
                      <path
                        d="M12 8c1.1 0 2-.9 2-2s-.9-2-2-2-2 .9-2 2 .9 2 2 2zm0 2c-1.1 0-2 .9-2 2s.9 2 2 2 2-.9 2-2-.9-2-2-2zm0 6c-1.1 0-2 .9-2 2s.9 2 2 2 2-.9 2-2-.9-2-2-2z"
                      />
                    </svg>
                  </span>
                  <span
                    class="MuiTouchRipple-root"
                  />
                </button>
              </div>
            </div>
            <div
              class="MuiDataGrid-columnSeparator"
              style="min-height: 56px; opacity: 1;"
            >
              <svg
                aria-hidden="true"
                class="MuiSvgIcon-root MuiDataGrid-iconSeparator"
                focusable="false"
                viewBox="0 0 24 24"
              >
                <path
                  d="M11 19V5h2v14z"
                />
              </svg>
            </div>
          </div>
          <div
            aria-colindex="3"
            class="MuiDataGrid-colCell MuiDataGrid-colCellSortable"
            data-field="name"
            role="columnheader"
            style="width: 100px; min-width: 100px; max-width: 100px;"
            tabindex="-1"
          >
            <div
              class="MuiDataGrid-colCell-draggable"
              draggable="false"
            >
              <div
                class="MuiDataGrid-colCellTitleContainer"
              >
                <div
                  class="MuiDataGrid-colCellTitle"
                  title=""
                >
                  name
                </div>
              </div>
              <div
                class="MuiDataGrid-menuIcon"
              >
                <button
                  aria-controls="mui-88711"
                  aria-haspopup="true"
                  aria-label="Menu"
                  class="MuiButtonBase-root MuiIconButton-root MuiDataGrid-menuIconButton MuiIconButton-sizeSmall"
                  id="mui-50625"
                  tabindex="0"
                  title="Menu"
                  type="button"
                >
                  <span
                    class="MuiIconButton-label"
                  >
                    <svg
                      aria-hidden="true"
                      class="MuiSvgIcon-root MuiSvgIcon-fontSizeSmall"
                      focusable="false"
                      viewBox="0 0 24 24"
                    >
                      <path
                        d="M12 8c1.1 0 2-.9 2-2s-.9-2-2-2-2 .9-2 2 .9 2 2 2zm0 2c-1.1 0-2 .9-2 2s.9 2 2 2 2-.9 2-2-.9-2-2-2zm0 6c-1.1 0-2 .9-2 2s.9 2 2 2 2-.9 2-2-.9-2-2-2z"
                      />
                    </svg>
                  </span>
                  <span
                    class="MuiTouchRipple-root"
                  />
                </button>
              </div>
            </div>
            <div
              class="MuiDataGrid-columnSeparator"
              style="min-height: 56px; opacity: 1;"
            >
              <svg
                aria-hidden="true"
                class="MuiSvgIcon-root MuiDataGrid-iconSeparator"
                focusable="false"
                viewBox="0 0 24 24"
              >
                <path
                  d="M11 19V5h2v14z"
                />
              </svg>
            </div>
          </div>
        </div>
      </div>
      <div
        style="overflow: visible; width: 0px;"
      >
        <div
          style="width: 0px; height: 160px;"
        >
          <div
            class="MuiDataGrid-window"
            style="top: 56px; overflow-y: hidden;"
          >
            <div
              class="MuiDataGrid-dataContainer data-container"
              style="min-height: 104px; min-width: 248px;"
            >
              <div
                class="MuiDataGrid-viewport"
                style="min-width: 0; max-width: 0; min-height: 104px; max-height: 104px;"
              >
                <div
                  class="rendering-zone"
                  style="max-height: 104px; width: 248px; pointer-events: none; transform: translate3d(-0px, -0px, 0);"
                >
                  <div
                    aria-rowindex="2"
                    aria-selected="false"
                    class="MuiDataGrid-row Mui-even"
                    data-id="1"
                    data-rowindex="0"
                    role="row"
                    style="max-height: 52px; min-height: 52px;"
                  >
                    <div
                      aria-colindex="0"
                      class="MuiDataGrid-cell MuiDataGrid-cellCheckbox MuiDataGrid-cellWithRenderer MuiDataGrid-cellCenter"
                      data-field="__check__"
                      data-mode="view"
                      data-rowindex="0"
                      role="cell"
                      style="min-width: 48px; max-width: 48px; line-height: 51px; min-height: 52px; max-height: 52px;"
                      tabindex="-1"
                    >
                      <span
                        aria-disabled="false"
                        class="MuiButtonBase-root MuiIconButton-root PrivateSwitchBase-root-7 MuiCheckbox-root MuiCheckbox-colorPrimary MuiDataGrid-checkboxInput MuiIconButton-colorPrimary"
                      >
                        <span
                          class="MuiIconButton-label"
                        >
                          <input
                            aria-label="Select Row checkbox"
                            class="PrivateSwitchBase-input-10"
                            data-indeterminate="false"
                            type="checkbox"
                            value=""
                          />
                          <svg
                            aria-hidden="true"
                            class="MuiSvgIcon-root"
                            focusable="false"
                            viewBox="0 0 24 24"
                          >
                            <path
                              d="M19 5v14H5V5h14m0-2H5c-1.1 0-2 .9-2 2v14c0 1.1.9 2 2 2h14c1.1 0 2-.9 2-2V5c0-1.1-.9-2-2-2z"
                            />
                          </svg>
                        </span>
                        <span
                          class="MuiTouchRipple-root"
                        />
                      </span>
                    </div>
                    <div
                      aria-colindex="1"
                      class="MuiDataGrid-cell MuiDataGrid-cellLeft"
                      data-field="id"
                      data-mode="view"
                      data-rowindex="0"
                      data-value="1"
                      role="cell"
                      style="min-width: 100px; max-width: 100px; line-height: 51px; min-height: 52px; max-height: 52px;"
                      tabindex="-1"
                    >
                      1
                    </div>
                    <div
                      aria-colindex="2"
                      class="MuiDataGrid-cell MuiDataGrid-cellLeft"
                      data-field="name"
                      data-mode="view"
                      data-rowindex="0"
                      data-value="user1"
                      role="cell"
                      style="min-width: 100px; max-width: 100px; line-height: 51px; min-height: 52px; max-height: 52px;"
                      tabindex="-1"
                    >
                      user1
                    </div>
                  </div>
                  <div
                    aria-rowindex="3"
                    aria-selected="false"
                    class="MuiDataGrid-row Mui-odd"
                    data-id="2"
                    data-rowindex="1"
                    role="row"
                    style="max-height: 52px; min-height: 52px;"
                  >
                    <div
                      aria-colindex="0"
                      class="MuiDataGrid-cell MuiDataGrid-cellCheckbox MuiDataGrid-cellWithRenderer MuiDataGrid-cellCenter"
                      data-field="__check__"
                      data-mode="view"
                      data-rowindex="1"
                      role="cell"
                      style="min-width: 48px; max-width: 48px; line-height: 51px; min-height: 52px; max-height: 52px;"
                      tabindex="-1"
                    >
                      <span
                        aria-disabled="false"
                        class="MuiButtonBase-root MuiIconButton-root PrivateSwitchBase-root-7 MuiCheckbox-root MuiCheckbox-colorPrimary MuiDataGrid-checkboxInput MuiIconButton-colorPrimary"
                      >
                        <span
                          class="MuiIconButton-label"
                        >
                          <input
                            aria-label="Select Row checkbox"
                            class="PrivateSwitchBase-input-10"
                            data-indeterminate="false"
                            type="checkbox"
                            value=""
                          />
                          <svg
                            aria-hidden="true"
                            class="MuiSvgIcon-root"
                            focusable="false"
                            viewBox="0 0 24 24"
                          >
                            <path
                              d="M19 5v14H5V5h14m0-2H5c-1.1 0-2 .9-2 2v14c0 1.1.9 2 2 2h14c1.1 0 2-.9 2-2V5c0-1.1-.9-2-2-2z"
                            />
                          </svg>
                        </span>
                        <span
                          class="MuiTouchRipple-root"
                        />
                      </span>
                    </div>
                    <div
                      aria-colindex="1"
                      class="MuiDataGrid-cell MuiDataGrid-cellLeft"
                      data-field="id"
                      data-mode="view"
                      data-rowindex="1"
                      data-value="2"
                      role="cell"
                      style="min-width: 100px; max-width: 100px; line-height: 51px; min-height: 52px; max-height: 52px;"
                      tabindex="-1"
                    >
                      2
                    </div>
                    <div
                      aria-colindex="2"
                      class="MuiDataGrid-cell MuiDataGrid-cellLeft"
                      data-field="name"
                      data-mode="view"
                      data-rowindex="1"
                      data-value="user2"
                      role="cell"
                      style="min-width: 100px; max-width: 100px; line-height: 51px; min-height: 52px; max-height: 52px;"
                      tabindex="-1"
                    >
                      user2
                    </div>
                  </div>
                </div>
              </div>
            </div>
          </div>
        </div>
      </div>
      <div
        class="Mui-resizeTriggers"
      >
        <div
          class="expand-trigger"
        >
          <div
            style="width: 1px; height: 1px;"
          />
        </div>
        <div
          class="contract-trigger"
        />
      </div>
    </div>
    <div>
      <div
        class="MuiDataGrid-footer"
      >
        <div />
        <div
          class="MuiTablePagination-root"
        >
          <div
            class="MuiToolbar-root MuiToolbar-regular MuiTablePagination-toolbar MuiToolbar-gutters"
          >
            <div
              class="MuiTablePagination-spacer"
            />
            <p
              class="MuiTypography-root MuiTablePagination-caption makeStyles-caption-5 MuiTypography-body2 MuiTypography-colorInherit"
            >
              1-2 of 2
            </p>
            <div
              class="MuiTablePagination-actions"
            >
              <button
                aria-label="Previous page"
                class="MuiButtonBase-root MuiIconButton-root MuiIconButton-colorInherit Mui-disabled Mui-disabled"
                disabled=""
                tabindex="-1"
                title="Previous page"
                type="button"
              >
                <span
                  class="MuiIconButton-label"
                >
                  <svg
                    aria-hidden="true"
                    class="MuiSvgIcon-root"
                    focusable="false"
                    viewBox="0 0 24 24"
                  >
                    <path
                      d="M15.41 16.09l-4.58-4.59 4.58-4.59L14 5.5l-6 6 6 6z"
                    />
                  </svg>
                </span>
              </button>
              <button
                aria-label="Next page"
                class="MuiButtonBase-root MuiIconButton-root MuiIconButton-colorInherit Mui-disabled Mui-disabled"
                disabled=""
                tabindex="-1"
                title="Next page"
                type="button"
              >
                <span
                  class="MuiIconButton-label"
                >
                  <svg
                    aria-hidden="true"
                    class="MuiSvgIcon-root"
                    focusable="false"
                    viewBox="0 0 24 24"
                  >
                    <path
                      d="M8.59 16.34l4.58-4.59-4.58-4.59L10 5.75l6 6-6 6z"
                    />
                  </svg>
                </span>
              </button>
            </div>
          </div>
        </div>
      </div>
    </div>
  </div>
</div>
`;
